--------------------------------------------------------------------------------
Release 14.7 Trace  (nt64)
Copyright (c) 1995-2013 Xilinx, Inc.  All rights reserved.

C:\Xilinx\14.7\ISE_DS\ISE\bin\nt64\unwrapped\trce.exe -intstyle ise -v 3 -s 4
-n 3 -fastpaths -xml implementacion.twx implementacion.ncd -o
implementacion.twr implementacion.pcf -ucf implementacion_constraint.ucf

Design file:              implementacion.ncd
Physical constraint file: implementacion.pcf
Device,package,speed:     xc3s500e,fg320,-4 (PRODUCTION 1.27 2013-10-13)
Report level:             verbose report

Environment Variable      Effect 
--------------------      ------ 
NONE                      No environment variables were set
--------------------------------------------------------------------------------

INFO:Timing:3412 - To improve timing, see the Timing Closure User Guide (UG612).
INFO:Timing:2752 - To get complete path coverage, use the unconstrained paths 
   option. All paths that are not constrained will be reported in the 
   unconstrained paths section(s) of the report.
INFO:Timing:3339 - The clock-to-out numbers in this timing report are based on 
   a 50 Ohm transmission line loading model.  For the details of this model, 
   and for more information on accounting for different loading conditions, 
   please see the device datasheet.
INFO:Timing:3390 - This architecture does not support a default System Jitter 
   value, please add SYSTEM_JITTER constraint to the UCF to modify the Clock 
   Uncertainty calculation.
INFO:Timing:3389 - This architecture does not support 'Discrete Jitter' and 
   'Phase Error' calculations, these terms will be zero in the Clock 
   Uncertainty calculation.  Please make appropriate modification to 
   SYSTEM_JITTER to account for the unsupported Discrete Jitter and Phase 
   Error.

================================================================================
Timing constraint: NET "clk_BUFGP/IBUFG" PERIOD = 20 ns HIGH 50%;
For more information, see Period Analysis in the Timing Closure User Guide (UG612).

 596 paths analyzed, 35 endpoints analyzed, 0 failing endpoints
 0 timing errors detected. (0 setup errors, 0 hold errors, 0 component switching limit errors)
 Minimum period is   8.145ns.
--------------------------------------------------------------------------------

Paths for end point Inst_pantalla_proyectoFinal/E (SLICE_X32Y79.SR), 239 paths
--------------------------------------------------------------------------------
Slack (setup path):     11.855ns (requirement - (data path - clock path skew + uncertainty))
  Source:               Inst_pantalla_proyectoFinal/cuenta_2 (FF)
  Destination:          Inst_pantalla_proyectoFinal/E (FF)
  Requirement:          20.000ns
  Data Path Delay:      8.145ns (Levels of Logic = 8)
  Clock Path Skew:      0.000ns
  Source Clock:         clk_BUFGP rising at 0.000ns
  Destination Clock:    clk_BUFGP rising at 20.000ns
  Clock Uncertainty:    0.000ns

  Maximum Data Path: Inst_pantalla_proyectoFinal/cuenta_2 to Inst_pantalla_proyectoFinal/E
    Location             Delay type         Delay(ns)  Physical Resource
                                                       Logical Resource(s)
    -------------------------------------------------  -------------------
    SLICE_X32Y76.YQ      Tcko                  0.652   Inst_pantalla_proyectoFinal/cuenta<3>
                                                       Inst_pantalla_proyectoFinal/cuenta_2
    SLICE_X33Y76.F1      net (fanout=1)        0.497   Inst_pantalla_proyectoFinal/cuenta<2>
    SLICE_X33Y76.COUT    Topcyf                1.162   Inst_pantalla_proyectoFinal/cuenta_addsub0000<2>
                                                       Inst_pantalla_proyectoFinal/cuenta<2>_rt
                                                       Inst_pantalla_proyectoFinal/Madd_cuenta_addsub0000_cy<2>
                                                       Inst_pantalla_proyectoFinal/Madd_cuenta_addsub0000_cy<3>
    SLICE_X33Y77.CIN     net (fanout=1)        0.000   Inst_pantalla_proyectoFinal/Madd_cuenta_addsub0000_cy<3>
    SLICE_X33Y77.COUT    Tbyp                  0.118   Inst_pantalla_proyectoFinal/cuenta_addsub0000<4>
                                                       Inst_pantalla_proyectoFinal/Madd_cuenta_addsub0000_cy<4>
                                                       Inst_pantalla_proyectoFinal/Madd_cuenta_addsub0000_cy<5>
    SLICE_X33Y78.CIN     net (fanout=1)        0.000   Inst_pantalla_proyectoFinal/Madd_cuenta_addsub0000_cy<5>
    SLICE_X33Y78.COUT    Tbyp                  0.118   Inst_pantalla_proyectoFinal/cuenta_addsub0000<6>
                                                       Inst_pantalla_proyectoFinal/Madd_cuenta_addsub0000_cy<6>
                                                       Inst_pantalla_proyectoFinal/Madd_cuenta_addsub0000_cy<7>
    SLICE_X33Y79.CIN     net (fanout=1)        0.000   Inst_pantalla_proyectoFinal/Madd_cuenta_addsub0000_cy<7>
    SLICE_X33Y79.COUT    Tbyp                  0.118   Inst_pantalla_proyectoFinal/cuenta_addsub0000<8>
                                                       Inst_pantalla_proyectoFinal/Madd_cuenta_addsub0000_cy<8>
                                                       Inst_pantalla_proyectoFinal/Madd_cuenta_addsub0000_cy<9>
    SLICE_X33Y80.CIN     net (fanout=1)        0.000   Inst_pantalla_proyectoFinal/Madd_cuenta_addsub0000_cy<9>
    SLICE_X33Y80.Y       Tciny                 0.869   Inst_pantalla_proyectoFinal/cuenta_addsub0000<10>
                                                       Inst_pantalla_proyectoFinal/Madd_cuenta_addsub0000_cy<10>
                                                       Inst_pantalla_proyectoFinal/Madd_cuenta_addsub0000_xor<11>
    SLICE_X31Y81.F4      net (fanout=2)        0.370   Inst_pantalla_proyectoFinal/cuenta_addsub0000<11>
    SLICE_X31Y81.X       Tilo                  0.704   N7
                                                       Inst_pantalla_proyectoFinal/Mcompar_E_cmp_lt0000_lut<5>_SW0
    SLICE_X31Y79.G1      net (fanout=1)        0.483   N7
    SLICE_X31Y79.COUT    Topcyg                1.001   Inst_pantalla_proyectoFinal/Mcompar_E_cmp_lt0000_cy<5>
                                                       Inst_pantalla_proyectoFinal/Mcompar_E_cmp_lt0000_lut<5>
                                                       Inst_pantalla_proyectoFinal/Mcompar_E_cmp_lt0000_cy<5>
    SLICE_X31Y80.CIN     net (fanout=1)        0.000   Inst_pantalla_proyectoFinal/Mcompar_E_cmp_lt0000_cy<5>
    SLICE_X31Y80.COUT    Tbyp                  0.118   Inst_pantalla_proyectoFinal/Mcompar_E_cmp_lt0000_cy<7>
                                                       Inst_pantalla_proyectoFinal/Mcompar_E_cmp_lt0000_cy<6>
                                                       Inst_pantalla_proyectoFinal/Mcompar_E_cmp_lt0000_cy<7>
    SLICE_X32Y79.SR      net (fanout=1)        1.025   Inst_pantalla_proyectoFinal/Mcompar_E_cmp_lt0000_cy<7>
    SLICE_X32Y79.CLK     Tsrck                 0.910   Inst_pantalla_proyectoFinal/E1
                                                       Inst_pantalla_proyectoFinal/E
    -------------------------------------------------  ---------------------------
    Total                                      8.145ns (5.770ns logic, 2.375ns route)
                                                       (70.8% logic, 29.2% route)

--------------------------------------------------------------------------------
Slack (setup path):     11.870ns (requirement - (data path - clock path skew + uncertainty))
  Source:               Inst_pantalla_proyectoFinal/cuenta_0 (FF)
  Destination:          Inst_pantalla_proyectoFinal/E (FF)
  Requirement:          20.000ns
  Data Path Delay:      8.130ns (Levels of Logic = 9)
  Clock Path Skew:      0.000ns
  Source Clock:         clk_BUFGP rising at 0.000ns
  Destination Clock:    clk_BUFGP rising at 20.000ns
  Clock Uncertainty:    0.000ns

  Maximum Data Path: Inst_pantalla_proyectoFinal/cuenta_0 to Inst_pantalla_proyectoFinal/E
    Location             Delay type         Delay(ns)  Physical Resource
                                                       Logical Resource(s)
    -------------------------------------------------  -------------------
    SLICE_X32Y74.YQ      Tcko                  0.652   Inst_pantalla_proyectoFinal/cuenta<1>
                                                       Inst_pantalla_proyectoFinal/cuenta_0
    SLICE_X33Y75.F4      net (fanout=1)        0.364   Inst_pantalla_proyectoFinal/cuenta<0>
    SLICE_X33Y75.COUT    Topcyf                1.162   Inst_pantalla_proyectoFinal/cuenta_addsub0000<0>
                                                       Inst_pantalla_proyectoFinal/Madd_cuenta_addsub0000_lut<0>_INV_0
                                                       Inst_pantalla_proyectoFinal/Madd_cuenta_addsub0000_cy<0>
                                                       Inst_pantalla_proyectoFinal/Madd_cuenta_addsub0000_cy<1>
    SLICE_X33Y76.CIN     net (fanout=1)        0.000   Inst_pantalla_proyectoFinal/Madd_cuenta_addsub0000_cy<1>
    SLICE_X33Y76.COUT    Tbyp                  0.118   Inst_pantalla_proyectoFinal/cuenta_addsub0000<2>
                                                       Inst_pantalla_proyectoFinal/Madd_cuenta_addsub0000_cy<2>
                                                       Inst_pantalla_proyectoFinal/Madd_cuenta_addsub0000_cy<3>
    SLICE_X33Y77.CIN     net (fanout=1)        0.000   Inst_pantalla_proyectoFinal/Madd_cuenta_addsub0000_cy<3>
    SLICE_X33Y77.COUT    Tbyp                  0.118   Inst_pantalla_proyectoFinal/cuenta_addsub0000<4>
                                                       Inst_pantalla_proyectoFinal/Madd_cuenta_addsub0000_cy<4>
                                                       Inst_pantalla_proyectoFinal/Madd_cuenta_addsub0000_cy<5>
    SLICE_X33Y78.CIN     net (fanout=1)        0.000   Inst_pantalla_proyectoFinal/Madd_cuenta_addsub0000_cy<5>
    SLICE_X33Y78.COUT    Tbyp                  0.118   Inst_pantalla_proyectoFinal/cuenta_addsub0000<6>
                                                       Inst_pantalla_proyectoFinal/Madd_cuenta_addsub0000_cy<6>
                                                       Inst_pantalla_proyectoFinal/Madd_cuenta_addsub0000_cy<7>
    SLICE_X33Y79.CIN     net (fanout=1)        0.000   Inst_pantalla_proyectoFinal/Madd_cuenta_addsub0000_cy<7>
    SLICE_X33Y79.COUT    Tbyp                  0.118   Inst_pantalla_proyectoFinal/cuenta_addsub0000<8>
                                                       Inst_pantalla_proyectoFinal/Madd_cuenta_addsub0000_cy<8>
                                                       Inst_pantalla_proyectoFinal/Madd_cuenta_addsub0000_cy<9>
    SLICE_X33Y80.CIN     net (fanout=1)        0.000   Inst_pantalla_proyectoFinal/Madd_cuenta_addsub0000_cy<9>
    SLICE_X33Y80.Y       Tciny                 0.869   Inst_pantalla_proyectoFinal/cuenta_addsub0000<10>
                                                       Inst_pantalla_proyectoFinal/Madd_cuenta_addsub0000_cy<10>
                                                       Inst_pantalla_proyectoFinal/Madd_cuenta_addsub0000_xor<11>
    SLICE_X31Y81.F4      net (fanout=2)        0.370   Inst_pantalla_proyectoFinal/cuenta_addsub0000<11>
    SLICE_X31Y81.X       Tilo                  0.704   N7
                                                       Inst_pantalla_proyectoFinal/Mcompar_E_cmp_lt0000_lut<5>_SW0
    SLICE_X31Y79.G1      net (fanout=1)        0.483   N7
    SLICE_X31Y79.COUT    Topcyg                1.001   Inst_pantalla_proyectoFinal/Mcompar_E_cmp_lt0000_cy<5>
                                                       Inst_pantalla_proyectoFinal/Mcompar_E_cmp_lt0000_lut<5>
                                                       Inst_pantalla_proyectoFinal/Mcompar_E_cmp_lt0000_cy<5>
    SLICE_X31Y80.CIN     net (fanout=1)        0.000   Inst_pantalla_proyectoFinal/Mcompar_E_cmp_lt0000_cy<5>
    SLICE_X31Y80.COUT    Tbyp                  0.118   Inst_pantalla_proyectoFinal/Mcompar_E_cmp_lt0000_cy<7>
                                                       Inst_pantalla_proyectoFinal/Mcompar_E_cmp_lt0000_cy<6>
                                                       Inst_pantalla_proyectoFinal/Mcompar_E_cmp_lt0000_cy<7>
    SLICE_X32Y79.SR      net (fanout=1)        1.025   Inst_pantalla_proyectoFinal/Mcompar_E_cmp_lt0000_cy<7>
    SLICE_X32Y79.CLK     Tsrck                 0.910   Inst_pantalla_proyectoFinal/E1
                                                       Inst_pantalla_proyectoFinal/E
    -------------------------------------------------  ---------------------------
    Total                                      8.130ns (5.888ns logic, 2.242ns route)
                                                       (72.4% logic, 27.6% route)

--------------------------------------------------------------------------------
Slack (setup path):     11.876ns (requirement - (data path - clock path skew + uncertainty))
  Source:               Inst_pantalla_proyectoFinal/cuenta_14 (FF)
  Destination:          Inst_pantalla_proyectoFinal/E (FF)
  Requirement:          20.000ns
  Data Path Delay:      8.118ns (Levels of Logic = 6)
  Clock Path Skew:      -0.006ns (0.002 - 0.008)
  Source Clock:         clk_BUFGP rising at 0.000ns
  Destination Clock:    clk_BUFGP rising at 20.000ns
  Clock Uncertainty:    0.000ns

  Maximum Data Path: Inst_pantalla_proyectoFinal/cuenta_14 to Inst_pantalla_proyectoFinal/E
    Location             Delay type         Delay(ns)  Physical Resource
                                                       Logical Resource(s)
    -------------------------------------------------  -------------------
    SLICE_X32Y82.YQ      Tcko                  0.652   Inst_pantalla_proyectoFinal/cuenta<15>
                                                       Inst_pantalla_proyectoFinal/cuenta_14
    SLICE_X35Y81.G2      net (fanout=2)        1.014   Inst_pantalla_proyectoFinal/cuenta<14>
    SLICE_X35Y81.COUT    Topcyg                1.001   Inst_pantalla_proyectoFinal/Mcompar_cuenta_cmp_lt0000_cy<5>
                                                       Inst_pantalla_proyectoFinal/Mcompar_cuenta_cmp_lt0000_lut<5>
                                                       Inst_pantalla_proyectoFinal/Mcompar_cuenta_cmp_lt0000_cy<5>
    SLICE_X35Y82.CIN     net (fanout=1)        0.000   Inst_pantalla_proyectoFinal/Mcompar_cuenta_cmp_lt0000_cy<5>
    SLICE_X35Y82.XB      Tcinxb                0.404   Inst_pantalla_proyectoFinal/Mcompar_cuenta_cmp_lt0000_cy<6>
                                                       Inst_pantalla_proyectoFinal/Mcompar_cuenta_cmp_lt0000_cy<6>
    SLICE_X31Y77.F1      net (fanout=23)       1.596   Inst_pantalla_proyectoFinal/Mcompar_cuenta_cmp_lt0000_cy<6>
    SLICE_X31Y77.COUT    Topcyf                1.162   Inst_pantalla_proyectoFinal/cuenta<4>
                                                       Inst_pantalla_proyectoFinal/cuenta_mux0000<4>1
                                                       Inst_pantalla_proyectoFinal/Mcompar_E_cmp_lt0000_cy<0>
                                                       Inst_pantalla_proyectoFinal/Mcompar_E_cmp_lt0000_cy<1>
    SLICE_X31Y78.CIN     net (fanout=1)        0.000   Inst_pantalla_proyectoFinal/Mcompar_E_cmp_lt0000_cy<1>
    SLICE_X31Y78.COUT    Tbyp                  0.118   Inst_pantalla_proyectoFinal/cuenta<6>
                                                       Inst_pantalla_proyectoFinal/Mcompar_E_cmp_lt0000_cy<2>
                                                       Inst_pantalla_proyectoFinal/Mcompar_E_cmp_lt0000_cy<3>
    SLICE_X31Y79.CIN     net (fanout=1)        0.000   Inst_pantalla_proyectoFinal/Mcompar_E_cmp_lt0000_cy<3>
    SLICE_X31Y79.COUT    Tbyp                  0.118   Inst_pantalla_proyectoFinal/Mcompar_E_cmp_lt0000_cy<5>
                                                       Inst_pantalla_proyectoFinal/Mcompar_E_cmp_lt0000_cy<4>
                                                       Inst_pantalla_proyectoFinal/Mcompar_E_cmp_lt0000_cy<5>
    SLICE_X31Y80.CIN     net (fanout=1)        0.000   Inst_pantalla_proyectoFinal/Mcompar_E_cmp_lt0000_cy<5>
    SLICE_X31Y80.COUT    Tbyp                  0.118   Inst_pantalla_proyectoFinal/Mcompar_E_cmp_lt0000_cy<7>
                                                       Inst_pantalla_proyectoFinal/Mcompar_E_cmp_lt0000_cy<6>
                                                       Inst_pantalla_proyectoFinal/Mcompar_E_cmp_lt0000_cy<7>
    SLICE_X32Y79.SR      net (fanout=1)        1.025   Inst_pantalla_proyectoFinal/Mcompar_E_cmp_lt0000_cy<7>
    SLICE_X32Y79.CLK     Tsrck                 0.910   Inst_pantalla_proyectoFinal/E1
                                                       Inst_pantalla_proyectoFinal/E
    -------------------------------------------------  ---------------------------
    Total                                      8.118ns (4.483ns logic, 3.635ns route)
                                                       (55.2% logic, 44.8% route)

--------------------------------------------------------------------------------

Paths for end point Inst_pantalla_proyectoFinal/cuenta_4 (SLICE_X31Y77.F1), 12 paths
--------------------------------------------------------------------------------
Slack (setup path):     14.486ns (requirement - (data path - clock path skew + uncertainty))
  Source:               Inst_pantalla_proyectoFinal/cuenta_14 (FF)
  Destination:          Inst_pantalla_proyectoFinal/cuenta_4 (FF)
  Requirement:          20.000ns
  Data Path Delay:      5.504ns (Levels of Logic = 3)
  Clock Path Skew:      -0.010ns (0.038 - 0.048)
  Source Clock:         clk_BUFGP rising at 0.000ns
  Destination Clock:    clk_BUFGP rising at 20.000ns
  Clock Uncertainty:    0.000ns

  Maximum Data Path: Inst_pantalla_proyectoFinal/cuenta_14 to Inst_pantalla_proyectoFinal/cuenta_4
    Location             Delay type         Delay(ns)  Physical Resource
                                                       Logical Resource(s)
    -------------------------------------------------  -------------------
    SLICE_X32Y82.YQ      Tcko                  0.652   Inst_pantalla_proyectoFinal/cuenta<15>
                                                       Inst_pantalla_proyectoFinal/cuenta_14
    SLICE_X35Y81.G2      net (fanout=2)        1.014   Inst_pantalla_proyectoFinal/cuenta<14>
    SLICE_X35Y81.COUT    Topcyg                1.001   Inst_pantalla_proyectoFinal/Mcompar_cuenta_cmp_lt0000_cy<5>
                                                       Inst_pantalla_proyectoFinal/Mcompar_cuenta_cmp_lt0000_lut<5>
                                                       Inst_pantalla_proyectoFinal/Mcompar_cuenta_cmp_lt0000_cy<5>
    SLICE_X35Y82.CIN     net (fanout=1)        0.000   Inst_pantalla_proyectoFinal/Mcompar_cuenta_cmp_lt0000_cy<5>
    SLICE_X35Y82.XB      Tcinxb                0.404   Inst_pantalla_proyectoFinal/Mcompar_cuenta_cmp_lt0000_cy<6>
                                                       Inst_pantalla_proyectoFinal/Mcompar_cuenta_cmp_lt0000_cy<6>
    SLICE_X31Y77.F1      net (fanout=23)       1.596   Inst_pantalla_proyectoFinal/Mcompar_cuenta_cmp_lt0000_cy<6>
    SLICE_X31Y77.CLK     Tfck                  0.837   Inst_pantalla_proyectoFinal/cuenta<4>
                                                       Inst_pantalla_proyectoFinal/cuenta_mux0000<4>1
                                                       Inst_pantalla_proyectoFinal/cuenta_4
    -------------------------------------------------  ---------------------------
    Total                                      5.504ns (2.894ns logic, 2.610ns route)
                                                       (52.6% logic, 47.4% route)

--------------------------------------------------------------------------------
Slack (setup path):     14.586ns (requirement - (data path - clock path skew + uncertainty))
  Source:               Inst_pantalla_proyectoFinal/cuenta_6 (FF)
  Destination:          Inst_pantalla_proyectoFinal/cuenta_4 (FF)
  Requirement:          20.000ns
  Data Path Delay:      5.412ns (Levels of Logic = 5)
  Clock Path Skew:      -0.002ns (0.038 - 0.040)
  Source Clock:         clk_BUFGP rising at 0.000ns
  Destination Clock:    clk_BUFGP rising at 20.000ns
  Clock Uncertainty:    0.000ns

  Maximum Data Path: Inst_pantalla_proyectoFinal/cuenta_6 to Inst_pantalla_proyectoFinal/cuenta_4
    Location             Delay type         Delay(ns)  Physical Resource
                                                       Logical Resource(s)
    -------------------------------------------------  -------------------
    SLICE_X31Y78.XQ      Tcko                  0.591   Inst_pantalla_proyectoFinal/cuenta<6>
                                                       Inst_pantalla_proyectoFinal/cuenta_6
    SLICE_X35Y79.G2      net (fanout=2)        0.747   Inst_pantalla_proyectoFinal/cuenta<6>
    SLICE_X35Y79.COUT    Topcyg                1.001   Inst_pantalla_proyectoFinal/Mcompar_cuenta_cmp_lt0000_cy<1>
                                                       Inst_pantalla_proyectoFinal/Mcompar_cuenta_cmp_lt0000_lut<1>_INV_0
                                                       Inst_pantalla_proyectoFinal/Mcompar_cuenta_cmp_lt0000_cy<1>
    SLICE_X35Y80.CIN     net (fanout=1)        0.000   Inst_pantalla_proyectoFinal/Mcompar_cuenta_cmp_lt0000_cy<1>
    SLICE_X35Y80.COUT    Tbyp                  0.118   Inst_pantalla_proyectoFinal/Mcompar_cuenta_cmp_lt0000_cy<3>
                                                       Inst_pantalla_proyectoFinal/Mcompar_cuenta_cmp_lt0000_cy<2>
                                                       Inst_pantalla_proyectoFinal/Mcompar_cuenta_cmp_lt0000_cy<3>
    SLICE_X35Y81.CIN     net (fanout=1)        0.000   Inst_pantalla_proyectoFinal/Mcompar_cuenta_cmp_lt0000_cy<3>
    SLICE_X35Y81.COUT    Tbyp                  0.118   Inst_pantalla_proyectoFinal/Mcompar_cuenta_cmp_lt0000_cy<5>
                                                       Inst_pantalla_proyectoFinal/Mcompar_cuenta_cmp_lt0000_cy<4>
                                                       Inst_pantalla_proyectoFinal/Mcompar_cuenta_cmp_lt0000_cy<5>
    SLICE_X35Y82.CIN     net (fanout=1)        0.000   Inst_pantalla_proyectoFinal/Mcompar_cuenta_cmp_lt0000_cy<5>
    SLICE_X35Y82.XB      Tcinxb                0.404   Inst_pantalla_proyectoFinal/Mcompar_cuenta_cmp_lt0000_cy<6>
                                                       Inst_pantalla_proyectoFinal/Mcompar_cuenta_cmp_lt0000_cy<6>
    SLICE_X31Y77.F1      net (fanout=23)       1.596   Inst_pantalla_proyectoFinal/Mcompar_cuenta_cmp_lt0000_cy<6>
    SLICE_X31Y77.CLK     Tfck                  0.837   Inst_pantalla_proyectoFinal/cuenta<4>
                                                       Inst_pantalla_proyectoFinal/cuenta_mux0000<4>1
                                                       Inst_pantalla_proyectoFinal/cuenta_4
    -------------------------------------------------  ---------------------------
    Total                                      5.412ns (3.069ns logic, 2.343ns route)
                                                       (56.7% logic, 43.3% route)

--------------------------------------------------------------------------------
Slack (setup path):     14.676ns (requirement - (data path - clock path skew + uncertainty))
  Source:               Inst_pantalla_proyectoFinal/cuenta_5 (FF)
  Destination:          Inst_pantalla_proyectoFinal/cuenta_4 (FF)
  Requirement:          20.000ns
  Data Path Delay:      5.322ns (Levels of Logic = 5)
  Clock Path Skew:      -0.002ns (0.038 - 0.040)
  Source Clock:         clk_BUFGP rising at 0.000ns
  Destination Clock:    clk_BUFGP rising at 20.000ns
  Clock Uncertainty:    0.000ns

  Maximum Data Path: Inst_pantalla_proyectoFinal/cuenta_5 to Inst_pantalla_proyectoFinal/cuenta_4
    Location             Delay type         Delay(ns)  Physical Resource
                                                       Logical Resource(s)
    -------------------------------------------------  -------------------
    SLICE_X32Y77.YQ      Tcko                  0.652   Inst_pantalla_proyectoFinal/cuenta<5>
                                                       Inst_pantalla_proyectoFinal/cuenta_5
    SLICE_X35Y79.F3      net (fanout=2)        0.435   Inst_pantalla_proyectoFinal/cuenta<5>
    SLICE_X35Y79.COUT    Topcyf                1.162   Inst_pantalla_proyectoFinal/Mcompar_cuenta_cmp_lt0000_cy<1>
                                                       Inst_pantalla_proyectoFinal/cuenta<5>_rt
                                                       Inst_pantalla_proyectoFinal/Mcompar_cuenta_cmp_lt0000_cy<0>
                                                       Inst_pantalla_proyectoFinal/Mcompar_cuenta_cmp_lt0000_cy<1>
    SLICE_X35Y80.CIN     net (fanout=1)        0.000   Inst_pantalla_proyectoFinal/Mcompar_cuenta_cmp_lt0000_cy<1>
    SLICE_X35Y80.COUT    Tbyp                  0.118   Inst_pantalla_proyectoFinal/Mcompar_cuenta_cmp_lt0000_cy<3>
                                                       Inst_pantalla_proyectoFinal/Mcompar_cuenta_cmp_lt0000_cy<2>
                                                       Inst_pantalla_proyectoFinal/Mcompar_cuenta_cmp_lt0000_cy<3>
    SLICE_X35Y81.CIN     net (fanout=1)        0.000   Inst_pantalla_proyectoFinal/Mcompar_cuenta_cmp_lt0000_cy<3>
    SLICE_X35Y81.COUT    Tbyp                  0.118   Inst_pantalla_proyectoFinal/Mcompar_cuenta_cmp_lt0000_cy<5>
                                                       Inst_pantalla_proyectoFinal/Mcompar_cuenta_cmp_lt0000_cy<4>
                                                       Inst_pantalla_proyectoFinal/Mcompar_cuenta_cmp_lt0000_cy<5>
    SLICE_X35Y82.CIN     net (fanout=1)        0.000   Inst_pantalla_proyectoFinal/Mcompar_cuenta_cmp_lt0000_cy<5>
    SLICE_X35Y82.XB      Tcinxb                0.404   Inst_pantalla_proyectoFinal/Mcompar_cuenta_cmp_lt0000_cy<6>
                                                       Inst_pantalla_proyectoFinal/Mcompar_cuenta_cmp_lt0000_cy<6>
    SLICE_X31Y77.F1      net (fanout=23)       1.596   Inst_pantalla_proyectoFinal/Mcompar_cuenta_cmp_lt0000_cy<6>
    SLICE_X31Y77.CLK     Tfck                  0.837   Inst_pantalla_proyectoFinal/cuenta<4>
                                                       Inst_pantalla_proyectoFinal/cuenta_mux0000<4>1
                                                       Inst_pantalla_proyectoFinal/cuenta_4
    -------------------------------------------------  ---------------------------
    Total                                      5.322ns (3.291ns logic, 2.031ns route)
                                                       (61.8% logic, 38.2% route)

--------------------------------------------------------------------------------

Paths for end point Inst_pantalla_proyectoFinal/cuenta_12 (SLICE_X32Y81.G2), 12 paths
--------------------------------------------------------------------------------
Slack (setup path):     14.736ns (requirement - (data path - clock path skew + uncertainty))
  Source:               Inst_pantalla_proyectoFinal/cuenta_14 (FF)
  Destination:          Inst_pantalla_proyectoFinal/cuenta_12 (FF)
  Requirement:          20.000ns
  Data Path Delay:      5.260ns (Levels of Logic = 3)
  Clock Path Skew:      -0.004ns (0.004 - 0.008)
  Source Clock:         clk_BUFGP rising at 0.000ns
  Destination Clock:    clk_BUFGP rising at 20.000ns
  Clock Uncertainty:    0.000ns

  Maximum Data Path: Inst_pantalla_proyectoFinal/cuenta_14 to Inst_pantalla_proyectoFinal/cuenta_12
    Location             Delay type         Delay(ns)  Physical Resource
                                                       Logical Resource(s)
    -------------------------------------------------  -------------------
    SLICE_X32Y82.YQ      Tcko                  0.652   Inst_pantalla_proyectoFinal/cuenta<15>
                                                       Inst_pantalla_proyectoFinal/cuenta_14
    SLICE_X35Y81.G2      net (fanout=2)        1.014   Inst_pantalla_proyectoFinal/cuenta<14>
    SLICE_X35Y81.COUT    Topcyg                1.001   Inst_pantalla_proyectoFinal/Mcompar_cuenta_cmp_lt0000_cy<5>
                                                       Inst_pantalla_proyectoFinal/Mcompar_cuenta_cmp_lt0000_lut<5>
                                                       Inst_pantalla_proyectoFinal/Mcompar_cuenta_cmp_lt0000_cy<5>
    SLICE_X35Y82.CIN     net (fanout=1)        0.000   Inst_pantalla_proyectoFinal/Mcompar_cuenta_cmp_lt0000_cy<5>
    SLICE_X35Y82.XB      Tcinxb                0.404   Inst_pantalla_proyectoFinal/Mcompar_cuenta_cmp_lt0000_cy<6>
                                                       Inst_pantalla_proyectoFinal/Mcompar_cuenta_cmp_lt0000_cy<6>
    SLICE_X32Y81.G2      net (fanout=23)       1.297   Inst_pantalla_proyectoFinal/Mcompar_cuenta_cmp_lt0000_cy<6>
    SLICE_X32Y81.CLK     Tgck                  0.892   Inst_pantalla_proyectoFinal/cuenta<13>
                                                       Inst_pantalla_proyectoFinal/cuenta_mux0000<12>1
                                                       Inst_pantalla_proyectoFinal/cuenta_12
    -------------------------------------------------  ---------------------------
    Total                                      5.260ns (2.949ns logic, 2.311ns route)
                                                       (56.1% logic, 43.9% route)

--------------------------------------------------------------------------------
Slack (setup path):     14.832ns (requirement - (data path - clock path skew + uncertainty))
  Source:               Inst_pantalla_proyectoFinal/cuenta_6 (FF)
  Destination:          Inst_pantalla_proyectoFinal/cuenta_12 (FF)
  Requirement:          20.000ns
  Data Path Delay:      5.168ns (Levels of Logic = 5)
  Clock Path Skew:      0.000ns
  Source Clock:         clk_BUFGP rising at 0.000ns
  Destination Clock:    clk_BUFGP rising at 20.000ns
  Clock Uncertainty:    0.000ns

  Maximum Data Path: Inst_pantalla_proyectoFinal/cuenta_6 to Inst_pantalla_proyectoFinal/cuenta_12
    Location             Delay type         Delay(ns)  Physical Resource
                                                       Logical Resource(s)
    -------------------------------------------------  -------------------
    SLICE_X31Y78.XQ      Tcko                  0.591   Inst_pantalla_proyectoFinal/cuenta<6>
                                                       Inst_pantalla_proyectoFinal/cuenta_6
    SLICE_X35Y79.G2      net (fanout=2)        0.747   Inst_pantalla_proyectoFinal/cuenta<6>
    SLICE_X35Y79.COUT    Topcyg                1.001   Inst_pantalla_proyectoFinal/Mcompar_cuenta_cmp_lt0000_cy<1>
                                                       Inst_pantalla_proyectoFinal/Mcompar_cuenta_cmp_lt0000_lut<1>_INV_0
                                                       Inst_pantalla_proyectoFinal/Mcompar_cuenta_cmp_lt0000_cy<1>
    SLICE_X35Y80.CIN     net (fanout=1)        0.000   Inst_pantalla_proyectoFinal/Mcompar_cuenta_cmp_lt0000_cy<1>
    SLICE_X35Y80.COUT    Tbyp                  0.118   Inst_pantalla_proyectoFinal/Mcompar_cuenta_cmp_lt0000_cy<3>
                                                       Inst_pantalla_proyectoFinal/Mcompar_cuenta_cmp_lt0000_cy<2>
                                                       Inst_pantalla_proyectoFinal/Mcompar_cuenta_cmp_lt0000_cy<3>
    SLICE_X35Y81.CIN     net (fanout=1)        0.000   Inst_pantalla_proyectoFinal/Mcompar_cuenta_cmp_lt0000_cy<3>
    SLICE_X35Y81.COUT    Tbyp                  0.118   Inst_pantalla_proyectoFinal/Mcompar_cuenta_cmp_lt0000_cy<5>
                                                       Inst_pantalla_proyectoFinal/Mcompar_cuenta_cmp_lt0000_cy<4>
                                                       Inst_pantalla_proyectoFinal/Mcompar_cuenta_cmp_lt0000_cy<5>
    SLICE_X35Y82.CIN     net (fanout=1)        0.000   Inst_pantalla_proyectoFinal/Mcompar_cuenta_cmp_lt0000_cy<5>
    SLICE_X35Y82.XB      Tcinxb                0.404   Inst_pantalla_proyectoFinal/Mcompar_cuenta_cmp_lt0000_cy<6>
                                                       Inst_pantalla_proyectoFinal/Mcompar_cuenta_cmp_lt0000_cy<6>
    SLICE_X32Y81.G2      net (fanout=23)       1.297   Inst_pantalla_proyectoFinal/Mcompar_cuenta_cmp_lt0000_cy<6>
    SLICE_X32Y81.CLK     Tgck                  0.892   Inst_pantalla_proyectoFinal/cuenta<13>
                                                       Inst_pantalla_proyectoFinal/cuenta_mux0000<12>1
                                                       Inst_pantalla_proyectoFinal/cuenta_12
    -------------------------------------------------  ---------------------------
    Total                                      5.168ns (3.124ns logic, 2.044ns route)
                                                       (60.4% logic, 39.6% route)

--------------------------------------------------------------------------------
Slack (setup path):     14.922ns (requirement - (data path - clock path skew + uncertainty))
  Source:               Inst_pantalla_proyectoFinal/cuenta_5 (FF)
  Destination:          Inst_pantalla_proyectoFinal/cuenta_12 (FF)
  Requirement:          20.000ns
  Data Path Delay:      5.078ns (Levels of Logic = 5)
  Clock Path Skew:      0.000ns
  Source Clock:         clk_BUFGP rising at 0.000ns
  Destination Clock:    clk_BUFGP rising at 20.000ns
  Clock Uncertainty:    0.000ns

  Maximum Data Path: Inst_pantalla_proyectoFinal/cuenta_5 to Inst_pantalla_proyectoFinal/cuenta_12
    Location             Delay type         Delay(ns)  Physical Resource
                                                       Logical Resource(s)
    -------------------------------------------------  -------------------
    SLICE_X32Y77.YQ      Tcko                  0.652   Inst_pantalla_proyectoFinal/cuenta<5>
                                                       Inst_pantalla_proyectoFinal/cuenta_5
    SLICE_X35Y79.F3      net (fanout=2)        0.435   Inst_pantalla_proyectoFinal/cuenta<5>
    SLICE_X35Y79.COUT    Topcyf                1.162   Inst_pantalla_proyectoFinal/Mcompar_cuenta_cmp_lt0000_cy<1>
                                                       Inst_pantalla_proyectoFinal/cuenta<5>_rt
                                                       Inst_pantalla_proyectoFinal/Mcompar_cuenta_cmp_lt0000_cy<0>
                                                       Inst_pantalla_proyectoFinal/Mcompar_cuenta_cmp_lt0000_cy<1>
    SLICE_X35Y80.CIN     net (fanout=1)        0.000   Inst_pantalla_proyectoFinal/Mcompar_cuenta_cmp_lt0000_cy<1>
    SLICE_X35Y80.COUT    Tbyp                  0.118   Inst_pantalla_proyectoFinal/Mcompar_cuenta_cmp_lt0000_cy<3>
                                                       Inst_pantalla_proyectoFinal/Mcompar_cuenta_cmp_lt0000_cy<2>
                                                       Inst_pantalla_proyectoFinal/Mcompar_cuenta_cmp_lt0000_cy<3>
    SLICE_X35Y81.CIN     net (fanout=1)        0.000   Inst_pantalla_proyectoFinal/Mcompar_cuenta_cmp_lt0000_cy<3>
    SLICE_X35Y81.COUT    Tbyp                  0.118   Inst_pantalla_proyectoFinal/Mcompar_cuenta_cmp_lt0000_cy<5>
                                                       Inst_pantalla_proyectoFinal/Mcompar_cuenta_cmp_lt0000_cy<4>
                                                       Inst_pantalla_proyectoFinal/Mcompar_cuenta_cmp_lt0000_cy<5>
    SLICE_X35Y82.CIN     net (fanout=1)        0.000   Inst_pantalla_proyectoFinal/Mcompar_cuenta_cmp_lt0000_cy<5>
    SLICE_X35Y82.XB      Tcinxb                0.404   Inst_pantalla_proyectoFinal/Mcompar_cuenta_cmp_lt0000_cy<6>
                                                       Inst_pantalla_proyectoFinal/Mcompar_cuenta_cmp_lt0000_cy<6>
    SLICE_X32Y81.G2      net (fanout=23)       1.297   Inst_pantalla_proyectoFinal/Mcompar_cuenta_cmp_lt0000_cy<6>
    SLICE_X32Y81.CLK     Tgck                  0.892   Inst_pantalla_proyectoFinal/cuenta<13>
                                                       Inst_pantalla_proyectoFinal/cuenta_mux0000<12>1
                                                       Inst_pantalla_proyectoFinal/cuenta_12
    -------------------------------------------------  ---------------------------
    Total                                      5.078ns (3.346ns logic, 1.732ns route)
                                                       (65.9% logic, 34.1% route)

--------------------------------------------------------------------------------

Hold Paths: NET "clk_BUFGP/IBUFG" PERIOD = 20 ns HIGH 50%;
--------------------------------------------------------------------------------

Paths for end point Inst_pantalla_proyectoFinal/cuenta_0 (SLICE_X32Y74.G4), 1 path
--------------------------------------------------------------------------------
Slack (hold path):      2.290ns (requirement - (clock path skew + uncertainty - data path))
  Source:               Inst_pantalla_proyectoFinal/cuenta_0 (FF)
  Destination:          Inst_pantalla_proyectoFinal/cuenta_0 (FF)
  Requirement:          0.000ns
  Data Path Delay:      2.290ns (Levels of Logic = 2)
  Clock Path Skew:      0.000ns
  Source Clock:         clk_BUFGP rising at 20.000ns
  Destination Clock:    clk_BUFGP rising at 20.000ns
  Clock Uncertainty:    0.000ns

  Minimum Data Path: Inst_pantalla_proyectoFinal/cuenta_0 to Inst_pantalla_proyectoFinal/cuenta_0
    Location             Delay type         Delay(ns)  Physical Resource
                                                       Logical Resource(s)
    -------------------------------------------------  -------------------
    SLICE_X32Y74.YQ      Tcko                  0.522   Inst_pantalla_proyectoFinal/cuenta<1>
                                                       Inst_pantalla_proyectoFinal/cuenta_0
    SLICE_X33Y75.F4      net (fanout=1)        0.291   Inst_pantalla_proyectoFinal/cuenta<0>
    SLICE_X33Y75.X       Topx                  0.848   Inst_pantalla_proyectoFinal/cuenta_addsub0000<0>
                                                       Inst_pantalla_proyectoFinal/Madd_cuenta_addsub0000_lut<0>_INV_0
                                                       Inst_pantalla_proyectoFinal/Madd_cuenta_addsub0000_xor<0>
    SLICE_X32Y74.G4      net (fanout=1)        0.069   Inst_pantalla_proyectoFinal/cuenta_addsub0000<0>
    SLICE_X32Y74.CLK     Tckg        (-Th)    -0.560   Inst_pantalla_proyectoFinal/cuenta<1>
                                                       Inst_pantalla_proyectoFinal/cuenta_mux0000<0>1
                                                       Inst_pantalla_proyectoFinal/cuenta_0
    -------------------------------------------------  ---------------------------
    Total                                      2.290ns (1.930ns logic, 0.360ns route)
                                                       (84.3% logic, 15.7% route)

--------------------------------------------------------------------------------

Paths for end point Inst_pantalla_proyectoFinal/cuenta_14 (SLICE_X32Y82.G3), 15 paths
--------------------------------------------------------------------------------
Slack (hold path):      2.322ns (requirement - (clock path skew + uncertainty - data path))
  Source:               Inst_pantalla_proyectoFinal/cuenta_14 (FF)
  Destination:          Inst_pantalla_proyectoFinal/cuenta_14 (FF)
  Requirement:          0.000ns
  Data Path Delay:      2.322ns (Levels of Logic = 2)
  Clock Path Skew:      0.000ns
  Source Clock:         clk_BUFGP rising at 20.000ns
  Destination Clock:    clk_BUFGP rising at 20.000ns
  Clock Uncertainty:    0.000ns

  Minimum Data Path: Inst_pantalla_proyectoFinal/cuenta_14 to Inst_pantalla_proyectoFinal/cuenta_14
    Location             Delay type         Delay(ns)  Physical Resource
                                                       Logical Resource(s)
    -------------------------------------------------  -------------------
    SLICE_X32Y82.YQ      Tcko                  0.522   Inst_pantalla_proyectoFinal/cuenta<15>
                                                       Inst_pantalla_proyectoFinal/cuenta_14
    SLICE_X33Y82.F3      net (fanout=2)        0.355   Inst_pantalla_proyectoFinal/cuenta<14>
    SLICE_X33Y82.X       Topx                  0.848   Inst_pantalla_proyectoFinal/cuenta_addsub0000<14>
                                                       Inst_pantalla_proyectoFinal/cuenta<14>_rt
                                                       Inst_pantalla_proyectoFinal/Madd_cuenta_addsub0000_xor<14>
    SLICE_X32Y82.G3      net (fanout=2)        0.037   Inst_pantalla_proyectoFinal/cuenta_addsub0000<14>
    SLICE_X32Y82.CLK     Tckg        (-Th)    -0.560   Inst_pantalla_proyectoFinal/cuenta<15>
                                                       Inst_pantalla_proyectoFinal/cuenta_mux0000<14>1
                                                       Inst_pantalla_proyectoFinal/cuenta_14
    -------------------------------------------------  ---------------------------
    Total                                      2.322ns (1.930ns logic, 0.392ns route)
                                                       (83.1% logic, 16.9% route)

--------------------------------------------------------------------------------
Slack (hold path):      2.663ns (requirement - (clock path skew + uncertainty - data path))
  Source:               Inst_pantalla_proyectoFinal/cuenta_11 (FF)
  Destination:          Inst_pantalla_proyectoFinal/cuenta_14 (FF)
  Requirement:          0.000ns
  Data Path Delay:      2.667ns (Levels of Logic = 4)
  Clock Path Skew:      0.004ns (0.008 - 0.004)
  Source Clock:         clk_BUFGP rising at 20.000ns
  Destination Clock:    clk_BUFGP rising at 20.000ns
  Clock Uncertainty:    0.000ns

  Minimum Data Path: Inst_pantalla_proyectoFinal/cuenta_11 to Inst_pantalla_proyectoFinal/cuenta_14
    Location             Delay type         Delay(ns)  Physical Resource
                                                       Logical Resource(s)
    -------------------------------------------------  -------------------
    SLICE_X32Y80.XQ      Tcko                  0.474   Inst_pantalla_proyectoFinal/cuenta<11>
                                                       Inst_pantalla_proyectoFinal/cuenta_11
    SLICE_X33Y80.G4      net (fanout=2)        0.331   Inst_pantalla_proyectoFinal/cuenta<11>
    SLICE_X33Y80.COUT    Topcyg                0.801   Inst_pantalla_proyectoFinal/cuenta_addsub0000<10>
                                                       Inst_pantalla_proyectoFinal/cuenta<11>_rt
                                                       Inst_pantalla_proyectoFinal/Madd_cuenta_addsub0000_cy<11>
    SLICE_X33Y81.CIN     net (fanout=1)        0.000   Inst_pantalla_proyectoFinal/Madd_cuenta_addsub0000_cy<11>
    SLICE_X33Y81.COUT    Tbyp                  0.094   Inst_pantalla_proyectoFinal/cuenta_addsub0000<12>
                                                       Inst_pantalla_proyectoFinal/Madd_cuenta_addsub0000_cy<12>
                                                       Inst_pantalla_proyectoFinal/Madd_cuenta_addsub0000_cy<13>
    SLICE_X33Y82.CIN     net (fanout=1)        0.000   Inst_pantalla_proyectoFinal/Madd_cuenta_addsub0000_cy<13>
    SLICE_X33Y82.X       Tcinx                 0.370   Inst_pantalla_proyectoFinal/cuenta_addsub0000<14>
                                                       Inst_pantalla_proyectoFinal/Madd_cuenta_addsub0000_xor<14>
    SLICE_X32Y82.G3      net (fanout=2)        0.037   Inst_pantalla_proyectoFinal/cuenta_addsub0000<14>
    SLICE_X32Y82.CLK     Tckg        (-Th)    -0.560   Inst_pantalla_proyectoFinal/cuenta<15>
                                                       Inst_pantalla_proyectoFinal/cuenta_mux0000<14>1
                                                       Inst_pantalla_proyectoFinal/cuenta_14
    -------------------------------------------------  ---------------------------
    Total                                      2.667ns (2.299ns logic, 0.368ns route)
                                                       (86.2% logic, 13.8% route)

--------------------------------------------------------------------------------
Slack (hold path):      2.755ns (requirement - (clock path skew + uncertainty - data path))
  Source:               Inst_pantalla_proyectoFinal/cuenta_9 (FF)
  Destination:          Inst_pantalla_proyectoFinal/cuenta_14 (FF)
  Requirement:          0.000ns
  Data Path Delay:      2.761ns (Levels of Logic = 5)
  Clock Path Skew:      0.006ns (0.008 - 0.002)
  Source Clock:         clk_BUFGP rising at 20.000ns
  Destination Clock:    clk_BUFGP rising at 20.000ns
  Clock Uncertainty:    0.000ns

  Minimum Data Path: Inst_pantalla_proyectoFinal/cuenta_9 to Inst_pantalla_proyectoFinal/cuenta_14
    Location             Delay type         Delay(ns)  Physical Resource
                                                       Logical Resource(s)
    -------------------------------------------------  -------------------
    SLICE_X32Y78.XQ      Tcko                  0.474   Inst_pantalla_proyectoFinal/cuenta<9>
                                                       Inst_pantalla_proyectoFinal/cuenta_9
    SLICE_X33Y79.G4      net (fanout=2)        0.331   Inst_pantalla_proyectoFinal/cuenta<9>
    SLICE_X33Y79.COUT    Topcyg                0.801   Inst_pantalla_proyectoFinal/cuenta_addsub0000<8>
                                                       Inst_pantalla_proyectoFinal/cuenta<9>_rt
                                                       Inst_pantalla_proyectoFinal/Madd_cuenta_addsub0000_cy<9>
    SLICE_X33Y80.CIN     net (fanout=1)        0.000   Inst_pantalla_proyectoFinal/Madd_cuenta_addsub0000_cy<9>
    SLICE_X33Y80.COUT    Tbyp                  0.094   Inst_pantalla_proyectoFinal/cuenta_addsub0000<10>
                                                       Inst_pantalla_proyectoFinal/Madd_cuenta_addsub0000_cy<10>
                                                       Inst_pantalla_proyectoFinal/Madd_cuenta_addsub0000_cy<11>
    SLICE_X33Y81.CIN     net (fanout=1)        0.000   Inst_pantalla_proyectoFinal/Madd_cuenta_addsub0000_cy<11>
    SLICE_X33Y81.COUT    Tbyp                  0.094   Inst_pantalla_proyectoFinal/cuenta_addsub0000<12>
                                                       Inst_pantalla_proyectoFinal/Madd_cuenta_addsub0000_cy<12>
                                                       Inst_pantalla_proyectoFinal/Madd_cuenta_addsub0000_cy<13>
    SLICE_X33Y82.CIN     net (fanout=1)        0.000   Inst_pantalla_proyectoFinal/Madd_cuenta_addsub0000_cy<13>
    SLICE_X33Y82.X       Tcinx                 0.370   Inst_pantalla_proyectoFinal/cuenta_addsub0000<14>
                                                       Inst_pantalla_proyectoFinal/Madd_cuenta_addsub0000_xor<14>
    SLICE_X32Y82.G3      net (fanout=2)        0.037   Inst_pantalla_proyectoFinal/cuenta_addsub0000<14>
    SLICE_X32Y82.CLK     Tckg        (-Th)    -0.560   Inst_pantalla_proyectoFinal/cuenta<15>
                                                       Inst_pantalla_proyectoFinal/cuenta_mux0000<14>1
                                                       Inst_pantalla_proyectoFinal/cuenta_14
    -------------------------------------------------  ---------------------------
    Total                                      2.761ns (2.393ns logic, 0.368ns route)
                                                       (86.7% logic, 13.3% route)

--------------------------------------------------------------------------------

Paths for end point Inst_pantalla_proyectoFinal/cuenta_2 (SLICE_X32Y76.G3), 3 paths
--------------------------------------------------------------------------------
Slack (hold path):      2.345ns (requirement - (clock path skew + uncertainty - data path))
  Source:               Inst_pantalla_proyectoFinal/cuenta_2 (FF)
  Destination:          Inst_pantalla_proyectoFinal/cuenta_2 (FF)
  Requirement:          0.000ns
  Data Path Delay:      2.345ns (Levels of Logic = 2)
  Clock Path Skew:      0.000ns
  Source Clock:         clk_BUFGP rising at 20.000ns
  Destination Clock:    clk_BUFGP rising at 20.000ns
  Clock Uncertainty:    0.000ns

  Minimum Data Path: Inst_pantalla_proyectoFinal/cuenta_2 to Inst_pantalla_proyectoFinal/cuenta_2
    Location             Delay type         Delay(ns)  Physical Resource
                                                       Logical Resource(s)
    -------------------------------------------------  -------------------
    SLICE_X32Y76.YQ      Tcko                  0.522   Inst_pantalla_proyectoFinal/cuenta<3>
                                                       Inst_pantalla_proyectoFinal/cuenta_2
    SLICE_X33Y76.F1      net (fanout=1)        0.398   Inst_pantalla_proyectoFinal/cuenta<2>
    SLICE_X33Y76.X       Topx                  0.848   Inst_pantalla_proyectoFinal/cuenta_addsub0000<2>
                                                       Inst_pantalla_proyectoFinal/cuenta<2>_rt
                                                       Inst_pantalla_proyectoFinal/Madd_cuenta_addsub0000_xor<2>
    SLICE_X32Y76.G3      net (fanout=1)        0.017   Inst_pantalla_proyectoFinal/cuenta_addsub0000<2>
    SLICE_X32Y76.CLK     Tckg        (-Th)    -0.560   Inst_pantalla_proyectoFinal/cuenta<3>
                                                       Inst_pantalla_proyectoFinal/cuenta_mux0000<2>1
                                                       Inst_pantalla_proyectoFinal/cuenta_2
    -------------------------------------------------  ---------------------------
    Total                                      2.345ns (1.930ns logic, 0.415ns route)
                                                       (82.3% logic, 17.7% route)

--------------------------------------------------------------------------------
Slack (hold path):      2.569ns (requirement - (clock path skew + uncertainty - data path))
  Source:               Inst_pantalla_proyectoFinal/cuenta_1 (FF)
  Destination:          Inst_pantalla_proyectoFinal/cuenta_2 (FF)
  Requirement:          0.000ns
  Data Path Delay:      2.567ns (Levels of Logic = 3)
  Clock Path Skew:      -0.002ns (0.002 - 0.004)
  Source Clock:         clk_BUFGP rising at 20.000ns
  Destination Clock:    clk_BUFGP rising at 20.000ns
  Clock Uncertainty:    0.000ns

  Minimum Data Path: Inst_pantalla_proyectoFinal/cuenta_1 to Inst_pantalla_proyectoFinal/cuenta_2
    Location             Delay type         Delay(ns)  Physical Resource
                                                       Logical Resource(s)
    -------------------------------------------------  -------------------
    SLICE_X32Y74.XQ      Tcko                  0.474   Inst_pantalla_proyectoFinal/cuenta<1>
                                                       Inst_pantalla_proyectoFinal/cuenta_1
    SLICE_X33Y75.G2      net (fanout=1)        0.345   Inst_pantalla_proyectoFinal/cuenta<1>
    SLICE_X33Y75.COUT    Topcyg                0.801   Inst_pantalla_proyectoFinal/cuenta_addsub0000<0>
                                                       Inst_pantalla_proyectoFinal/cuenta<1>_rt
                                                       Inst_pantalla_proyectoFinal/Madd_cuenta_addsub0000_cy<1>
    SLICE_X33Y76.CIN     net (fanout=1)        0.000   Inst_pantalla_proyectoFinal/Madd_cuenta_addsub0000_cy<1>
    SLICE_X33Y76.X       Tcinx                 0.370   Inst_pantalla_proyectoFinal/cuenta_addsub0000<2>
                                                       Inst_pantalla_proyectoFinal/Madd_cuenta_addsub0000_xor<2>
    SLICE_X32Y76.G3      net (fanout=1)        0.017   Inst_pantalla_proyectoFinal/cuenta_addsub0000<2>
    SLICE_X32Y76.CLK     Tckg        (-Th)    -0.560   Inst_pantalla_proyectoFinal/cuenta<3>
                                                       Inst_pantalla_proyectoFinal/cuenta_mux0000<2>1
                                                       Inst_pantalla_proyectoFinal/cuenta_2
    -------------------------------------------------  ---------------------------
    Total                                      2.567ns (2.205ns logic, 0.362ns route)
                                                       (85.9% logic, 14.1% route)

--------------------------------------------------------------------------------
Slack (hold path):      2.692ns (requirement - (clock path skew + uncertainty - data path))
  Source:               Inst_pantalla_proyectoFinal/cuenta_0 (FF)
  Destination:          Inst_pantalla_proyectoFinal/cuenta_2 (FF)
  Requirement:          0.000ns
  Data Path Delay:      2.690ns (Levels of Logic = 3)
  Clock Path Skew:      -0.002ns (0.002 - 0.004)
  Source Clock:         clk_BUFGP rising at 20.000ns
  Destination Clock:    clk_BUFGP rising at 20.000ns
  Clock Uncertainty:    0.000ns

  Minimum Data Path: Inst_pantalla_proyectoFinal/cuenta_0 to Inst_pantalla_proyectoFinal/cuenta_2
    Location             Delay type         Delay(ns)  Physical Resource
                                                       Logical Resource(s)
    -------------------------------------------------  -------------------
    SLICE_X32Y74.YQ      Tcko                  0.522   Inst_pantalla_proyectoFinal/cuenta<1>
                                                       Inst_pantalla_proyectoFinal/cuenta_0
    SLICE_X33Y75.F4      net (fanout=1)        0.291   Inst_pantalla_proyectoFinal/cuenta<0>
    SLICE_X33Y75.COUT    Topcyf                0.930   Inst_pantalla_proyectoFinal/cuenta_addsub0000<0>
                                                       Inst_pantalla_proyectoFinal/Madd_cuenta_addsub0000_lut<0>_INV_0
                                                       Inst_pantalla_proyectoFinal/Madd_cuenta_addsub0000_cy<0>
                                                       Inst_pantalla_proyectoFinal/Madd_cuenta_addsub0000_cy<1>
    SLICE_X33Y76.CIN     net (fanout=1)        0.000   Inst_pantalla_proyectoFinal/Madd_cuenta_addsub0000_cy<1>
    SLICE_X33Y76.X       Tcinx                 0.370   Inst_pantalla_proyectoFinal/cuenta_addsub0000<2>
                                                       Inst_pantalla_proyectoFinal/Madd_cuenta_addsub0000_xor<2>
    SLICE_X32Y76.G3      net (fanout=1)        0.017   Inst_pantalla_proyectoFinal/cuenta_addsub0000<2>
    SLICE_X32Y76.CLK     Tckg        (-Th)    -0.560   Inst_pantalla_proyectoFinal/cuenta<3>
                                                       Inst_pantalla_proyectoFinal/cuenta_mux0000<2>1
                                                       Inst_pantalla_proyectoFinal/cuenta_2
    -------------------------------------------------  ---------------------------
    Total                                      2.690ns (2.382ns logic, 0.308ns route)
                                                       (88.6% logic, 11.4% route)

--------------------------------------------------------------------------------

Component Switching Limit Checks: NET "clk_BUFGP/IBUFG" PERIOD = 20 ns HIGH 50%;
--------------------------------------------------------------------------------
Slack: 18.348ns (period - (min low pulse limit / (low pulse / period)))
  Period: 20.000ns
  Low pulse: 10.000ns
  Low pulse limit: 0.826ns (Tcl)
  Physical resource: Inst_pantalla_proyectoFinal/cuenta<13>/CLK
  Logical resource: Inst_pantalla_proyectoFinal/cuenta_13/CK
  Location pin: SLICE_X32Y81.CLK
  Clock network: clk_BUFGP
--------------------------------------------------------------------------------
Slack: 18.348ns (period - (min high pulse limit / (high pulse / period)))
  Period: 20.000ns
  High pulse: 10.000ns
  High pulse limit: 0.826ns (Tch)
  Physical resource: Inst_pantalla_proyectoFinal/cuenta<13>/CLK
  Logical resource: Inst_pantalla_proyectoFinal/cuenta_13/CK
  Location pin: SLICE_X32Y81.CLK
  Clock network: clk_BUFGP
--------------------------------------------------------------------------------
Slack: 18.348ns (period - min period limit)
  Period: 20.000ns
  Min period limit: 1.652ns (605.327MHz) (Tcp)
  Physical resource: Inst_pantalla_proyectoFinal/cuenta<13>/CLK
  Logical resource: Inst_pantalla_proyectoFinal/cuenta_13/CK
  Location pin: SLICE_X32Y81.CLK
  Clock network: clk_BUFGP
--------------------------------------------------------------------------------


All constraints were met.


Data Sheet report:
-----------------
All values displayed in nanoseconds (ns)

Clock to Setup on destination clock clk
---------------+---------+---------+---------+---------+
               | Src:Rise| Src:Fall| Src:Rise| Src:Fall|
Source Clock   |Dest:Rise|Dest:Rise|Dest:Fall|Dest:Fall|
---------------+---------+---------+---------+---------+
clk            |    8.145|         |         |         |
---------------+---------+---------+---------+---------+


Timing summary:
---------------

Timing errors: 0  Score: 0  (Setup/Max: 0, Hold: 0)

Constraints cover 596 paths, 0 nets, and 108 connections

Design statistics:
   Minimum period:   8.145ns{1}   (Maximum frequency: 122.775MHz)


------------------------------------Footnotes-----------------------------------
1)  The minimum period statistic assumes all single cycle delays.

Analysis completed Fri Mar 24 19:12:52 2017 
--------------------------------------------------------------------------------

Trace Settings:
-------------------------
Trace Settings 

Peak Memory Usage: 176 MB



