EN registro_16bits NULL C:/Users/Roberto/Desktop/UPB/ArquitecturaDeProcesadores/Xilinx/ProyectoFinal/registro_16bits/registro_16bits.vhd sub00/vhpl00 1489889116
AR registro_16bits behavioral C:/Users/Roberto/Desktop/UPB/ArquitecturaDeProcesadores/Xilinx/ProyectoFinal/registro_16bits/registro_16bits.vhd sub00/vhpl01 1489889117
