V3 3
FL C:/Users/Roberto/Desktop/UPB/ArquitecturaDeProcesadores/Xilinx/ProyectoFinal/ControlUnit/Control_Unit.vhd 2017/03/22.18:14:25 P.20131013
EN work/Control_Unit 1490220869 \
      FL C:/Users/Roberto/Desktop/UPB/ArquitecturaDeProcesadores/Xilinx/ProyectoFinal/ControlUnit/Control_Unit.vhd \
      PB ieee/std_logic_1164 1381692176 PB ieee/NUMERIC_STD 1381692181
AR work/Control_Unit/Behavioral 1490220870 \
      FL C:/Users/Roberto/Desktop/UPB/ArquitecturaDeProcesadores/Xilinx/ProyectoFinal/ControlUnit/Control_Unit.vhd \
      EN work/Control_Unit 1490220869
