AR automata_selector behavioral C:/Users/Roberto/Desktop/UPB/ArquitecturaDeProcesadores/Xilinx/ProyectoFinal/automata_Selector/automata_Selector.vhd sub00/vhpl01 1489894667
EN automata_selector NULL C:/Users/Roberto/Desktop/UPB/ArquitecturaDeProcesadores/Xilinx/ProyectoFinal/automata_Selector/automata_Selector.vhd sub00/vhpl00 1489894666
