EN decoder_ops_alu NULL C:/Users/Roberto/Desktop/UPB/ArquitecturaDeProcesadores/Xilinx/decoder_Ops_ALU/decoder_Ops_ALU.vhd sub00/vhpl00 1488676753
AR decoder_ops_alu behavioral C:/Users/Roberto/Desktop/UPB/ArquitecturaDeProcesadores/Xilinx/decoder_Ops_ALU/decoder_Ops_ALU.vhd sub00/vhpl01 1488676754
