EN register_output NULL C:/Users/Roberto/Desktop/UPB/ArquitecturaDeProcesadores/Xilinx/ProyectoFinal/register_output/register_output.vhd sub00/vhpl00 1490222805
AR register_output behavioral C:/Users/Roberto/Desktop/UPB/ArquitecturaDeProcesadores/Xilinx/ProyectoFinal/register_output/register_output.vhd sub00/vhpl01 1490222806
