EN registros_control NULL C:/Users/Roberto/Desktop/UPB/ArquitecturaDeProcesadores/Xilinx/ProyectoFinal/registros_Control/registros_Control.vhd sub00/vhpl00 1490069431
AR registro behavioral C:/Users/Roberto/Desktop/UPB/ArquitecturaDeProcesadores/Xilinx/registro/registro.vhd sub00/vhpl03 1489886371
EN registro_16bits NULL C:/Users/Roberto/Desktop/UPB/ArquitecturaDeProcesadores/Xilinx/ProyectoFinal/registro_16bits/registro_16bits.vhd sub00/vhpl10 1490069429
EN registro_8bits NULL C:/Users/Roberto/Desktop/UPB/ArquitecturaDeProcesadores/Xilinx/ProyectoFinal/registro_8bits/registro_8bits.vhd sub00/vhpl08 1490069427
AR registro_8bits behavioral C:/Users/Roberto/Desktop/UPB/ArquitecturaDeProcesadores/Xilinx/ProyectoFinal/registro_8bits/registro_8bits.vhd sub00/vhpl09 1490069428
AR registro_16bits behavioral C:/Users/Roberto/Desktop/UPB/ArquitecturaDeProcesadores/Xilinx/ProyectoFinal/registro_16bits/registro_16bits.vhd sub00/vhpl11 1490069430
AR registros_control behavioral C:/Users/Roberto/Desktop/UPB/ArquitecturaDeProcesadores/Xilinx/ProyectoFinal/registros_Control/registros_Control.vhd sub00/vhpl01 1490069432
AR registros_clk behavioral C:/Users/Roberto/Desktop/UPB/ArquitecturaDeProcesadores/Xilinx/ProyectoFinal/registros_Clk/registros_Clk.vhd sub00/vhpl05 1490069424
EN demux2_1 NULL C:/Users/Roberto/Desktop/UPB/ArquitecturaDeProcesadores/Xilinx/ProyectoFinal/demux2_1/demux2_1.vhd sub00/vhpl06 1490069425
EN registros_clk NULL C:/Users/Roberto/Desktop/UPB/ArquitecturaDeProcesadores/Xilinx/ProyectoFinal/registros_Clk/registros_Clk.vhd sub00/vhpl04 1490069423
AR demux2_1 behavioral C:/Users/Roberto/Desktop/UPB/ArquitecturaDeProcesadores/Xilinx/ProyectoFinal/demux2_1/demux2_1.vhd sub00/vhpl07 1490069426
EN registro NULL C:/Users/Roberto/Desktop/UPB/ArquitecturaDeProcesadores/Xilinx/registro/registro.vhd sub00/vhpl02 1489886370
