EN registros_control NULL C:/Users/Roberto/Desktop/UPB/ArquitecturaDeProcesadores/Xilinx/registros_Control/registros_Control.vhd sub00/vhpl00 1489886372
AR registro behavioral C:/Users/Roberto/Desktop/UPB/ArquitecturaDeProcesadores/Xilinx/registro/registro.vhd sub00/vhpl03 1489886371
AR registros_control behavioral C:/Users/Roberto/Desktop/UPB/ArquitecturaDeProcesadores/Xilinx/registros_Control/registros_Control.vhd sub00/vhpl01 1489886373
AR registros_clk behavioral C:/Users/Roberto/Desktop/UPB/ArquitecturaDeProcesadores/Xilinx/registros_Clk/registros_Clk.vhd sub00/vhpl05 1489886367
EN demux2_1 NULL C:/Users/Roberto/Desktop/UPB/ArquitecturaDeProcesadores/Xilinx/demux2_1/demux2_1.vhd sub00/vhpl06 1489886368
EN registros_clk NULL C:/Users/Roberto/Desktop/UPB/ArquitecturaDeProcesadores/Xilinx/registros_Clk/registros_Clk.vhd sub00/vhpl04 1489886366
AR demux2_1 behavioral C:/Users/Roberto/Desktop/UPB/ArquitecturaDeProcesadores/Xilinx/demux2_1/demux2_1.vhd sub00/vhpl07 1489886369
EN registro NULL C:/Users/Roberto/Desktop/UPB/ArquitecturaDeProcesadores/Xilinx/registro/registro.vhd sub00/vhpl02 1489886370
