V3 3
FL C:/Users/Roberto/Desktop/UPB/ArquitecturaDeProcesadores/Xilinx/demux_ALU/demux_ALU.vhd 2017/03/04.21:38:34 P.20131013
EN work/demux_ALU 1488677925 \
      FL C:/Users/Roberto/Desktop/UPB/ArquitecturaDeProcesadores/Xilinx/demux_ALU/demux_ALU.vhd \
      PB ieee/std_logic_1164 1381692176
AR work/demux_ALU/Behavioral 1488677926 \
      FL C:/Users/Roberto/Desktop/UPB/ArquitecturaDeProcesadores/Xilinx/demux_ALU/demux_ALU.vhd \
      EN work/demux_ALU 1488677925
