V3 3
FL C:/Users/Roberto/Desktop/UPB/ArquitecturaDeProcesadores/Xilinx/demux2_1/demux2_1.vhd 2017/02/18.22:38:50 P.20131013
EN work/demux2_1 1487471933 \
      FL C:/Users/Roberto/Desktop/UPB/ArquitecturaDeProcesadores/Xilinx/demux2_1/demux2_1.vhd \
      PB ieee/std_logic_1164 1381692176
AR work/demux2_1/Behavioral 1487471934 \
      FL C:/Users/Roberto/Desktop/UPB/ArquitecturaDeProcesadores/Xilinx/demux2_1/demux2_1.vhd \
      EN work/demux2_1 1487471933
