EN decoder_ops_alu NULL C:/Users/Roberto/Desktop/UPB/ArquitecturaDeProcesadores/Xilinx/decoder_Ops_ALU/decoder_Ops_ALU.vhd sub00/vhpl01 1489888564
AR demux_alu behavioral C:/Users/Roberto/Desktop/UPB/ArquitecturaDeProcesadores/Xilinx/ProyectoFinal/demux_ALU/demux_ALU.vhd sub00/vhpl10 1489888571
EN multiplicador NULL C:/Users/Roberto/Desktop/UPB/ArquitecturaDeProcesadores/Xilinx/multiplicador/multiplicador.vhd sub00/vhpl05 1488678852
AR sumador behavioral C:/Users/Roberto/Desktop/UPB/ArquitecturaDeProcesadores/Xilinx/ProyectoFinal/sumador/sumador.vhd sub00/vhpl04 1489888567
EN demux_alu NULL C:/Users/Roberto/Desktop/UPB/ArquitecturaDeProcesadores/Xilinx/ProyectoFinal/demux_ALU/demux_ALU.vhd sub00/vhpl09 1489888570
AR decoder_ops_alu behavioral C:/Users/Roberto/Desktop/UPB/ArquitecturaDeProcesadores/Xilinx/decoder_Ops_ALU/decoder_Ops_ALU.vhd sub00/vhpl02 1489888565
AR modulo_logico behavioral C:/Users/Roberto/Desktop/UPB/ArquitecturaDeProcesadores/Xilinx/ProyectoFinal/modulo_Logico/modulo_Logico.vhd sub00/vhpl08 1489888569
AR multiplicador behavioral C:/Users/Roberto/Desktop/UPB/ArquitecturaDeProcesadores/Xilinx/multiplicador/multiplicador.vhd sub00/vhpl06 1488678853
EN modulo_logico NULL C:/Users/Roberto/Desktop/UPB/ArquitecturaDeProcesadores/Xilinx/ProyectoFinal/modulo_Logico/modulo_Logico.vhd sub00/vhpl07 1489888568
AR alu behavioral C:/Users/Roberto/Desktop/UPB/ArquitecturaDeProcesadores/Xilinx/ProyectoFinal/ALU/ALU.vhd sub00/vhpl11 1489888573
EN sumador NULL C:/Users/Roberto/Desktop/UPB/ArquitecturaDeProcesadores/Xilinx/ProyectoFinal/sumador/sumador.vhd sub00/vhpl03 1489888566
EN alu NULL C:/Users/Roberto/Desktop/UPB/ArquitecturaDeProcesadores/Xilinx/ProyectoFinal/ALU/ALU.vhd sub00/vhpl00 1489888572
