EN decoder_ops_alu NULL C:/Users/Roberto/Desktop/UPB/ArquitecturaDeProcesadores/Xilinx/decoder_Ops_ALU/decoder_Ops_ALU.vhd sub00/vhpl01 1490137857
AR demux_alu behavioral C:/Users/Roberto/Desktop/UPB/ArquitecturaDeProcesadores/Xilinx/ProyectoFinal/demux_ALU/demux_ALU.vhd sub00/vhpl10 1490137864
EN multiplicador NULL C:/Users/Roberto/Desktop/UPB/ArquitecturaDeProcesadores/Xilinx/multiplicador/multiplicador.vhd sub00/vhpl05 1488678852
AR sumador behavioral C:/Users/Roberto/Desktop/UPB/ArquitecturaDeProcesadores/Xilinx/ProyectoFinal/sumador/sumador.vhd sub00/vhpl04 1490137860
EN demux_alu NULL C:/Users/Roberto/Desktop/UPB/ArquitecturaDeProcesadores/Xilinx/ProyectoFinal/demux_ALU/demux_ALU.vhd sub00/vhpl09 1490137863
AR decoder_ops_alu behavioral C:/Users/Roberto/Desktop/UPB/ArquitecturaDeProcesadores/Xilinx/decoder_Ops_ALU/decoder_Ops_ALU.vhd sub00/vhpl02 1490137858
AR modulo_logico behavioral C:/Users/Roberto/Desktop/UPB/ArquitecturaDeProcesadores/Xilinx/ProyectoFinal/modulo_Logico/modulo_Logico.vhd sub00/vhpl08 1490137862
AR multiplicador behavioral C:/Users/Roberto/Desktop/UPB/ArquitecturaDeProcesadores/Xilinx/multiplicador/multiplicador.vhd sub00/vhpl06 1488678853
EN modulo_logico NULL C:/Users/Roberto/Desktop/UPB/ArquitecturaDeProcesadores/Xilinx/ProyectoFinal/modulo_Logico/modulo_Logico.vhd sub00/vhpl07 1490137861
AR alu behavioral C:/Users/Roberto/Desktop/UPB/ArquitecturaDeProcesadores/Xilinx/ProyectoFinal/ALU/ALU.vhd sub00/vhpl11 1490137866
EN sumador NULL C:/Users/Roberto/Desktop/UPB/ArquitecturaDeProcesadores/Xilinx/ProyectoFinal/sumador/sumador.vhd sub00/vhpl03 1490137859
EN alu NULL C:/Users/Roberto/Desktop/UPB/ArquitecturaDeProcesadores/Xilinx/ProyectoFinal/ALU/ALU.vhd sub00/vhpl00 1490137865
