EN decoder_ops_alu NULL C:/Users/Roberto/Desktop/UPB/ArquitecturaDeProcesadores/Xilinx/decoder_Ops_ALU/decoder_Ops_ALU.vhd sub00/vhpl01 1489635633
AR demux_alu behavioral C:/Users/Roberto/Desktop/UPB/ArquitecturaDeProcesadores/Xilinx/demux_ALU/demux_ALU.vhd sub00/vhpl10 1489635640
EN multiplicador NULL C:/Users/Roberto/Desktop/UPB/ArquitecturaDeProcesadores/Xilinx/multiplicador/multiplicador.vhd sub00/vhpl05 1488678852
AR sumador behavioral C:/Users/Roberto/Desktop/UPB/ArquitecturaDeProcesadores/Xilinx/sumador/sumador.vhd sub00/vhpl04 1489635636
EN demux_alu NULL C:/Users/Roberto/Desktop/UPB/ArquitecturaDeProcesadores/Xilinx/demux_ALU/demux_ALU.vhd sub00/vhpl09 1489635639
AR decoder_ops_alu behavioral C:/Users/Roberto/Desktop/UPB/ArquitecturaDeProcesadores/Xilinx/decoder_Ops_ALU/decoder_Ops_ALU.vhd sub00/vhpl02 1489635634
AR modulo_logico behavioral C:/Users/Roberto/Desktop/UPB/ArquitecturaDeProcesadores/Xilinx/modulo_Logico/modulo_Logico.vhd sub00/vhpl08 1489635638
AR multiplicador behavioral C:/Users/Roberto/Desktop/UPB/ArquitecturaDeProcesadores/Xilinx/multiplicador/multiplicador.vhd sub00/vhpl06 1488678853
EN modulo_logico NULL C:/Users/Roberto/Desktop/UPB/ArquitecturaDeProcesadores/Xilinx/modulo_Logico/modulo_Logico.vhd sub00/vhpl07 1489635637
AR alu behavioral C:/Users/Roberto/Desktop/UPB/ArquitecturaDeProcesadores/Xilinx/ALU/ALU.vhd sub00/vhpl11 1489635642
EN sumador NULL C:/Users/Roberto/Desktop/UPB/ArquitecturaDeProcesadores/Xilinx/sumador/sumador.vhd sub00/vhpl03 1489635635
EN alu NULL C:/Users/Roberto/Desktop/UPB/ArquitecturaDeProcesadores/Xilinx/ALU/ALU.vhd sub00/vhpl00 1489635641
