V3 26
FL C:/Users/Roberto/Desktop/UPB/ArquitecturaDeProcesadores/Xilinx/ALU/ALU.vhd 2017/03/15.23:40:31 P.20131013
FL C:/Users/Roberto/Desktop/UPB/ArquitecturaDeProcesadores/Xilinx/decoder_Ops_ALU/decoder_Ops_ALU.vhd 2017/03/15.23:40:31 P.20131013
EN work/decoder_Ops_ALU 1490137857 \
      FL C:/Users/Roberto/Desktop/UPB/ArquitecturaDeProcesadores/Xilinx/decoder_Ops_ALU/decoder_Ops_ALU.vhd \
      PB ieee/std_logic_1164 1381692176 PB ieee/NUMERIC_STD 1381692181
AR work/decoder_Ops_ALU/Behavioral 1490137858 \
      FL C:/Users/Roberto/Desktop/UPB/ArquitecturaDeProcesadores/Xilinx/decoder_Ops_ALU/decoder_Ops_ALU.vhd \
      EN work/decoder_Ops_ALU 1490137857
FL C:/Users/Roberto/Desktop/UPB/ArquitecturaDeProcesadores/Xilinx/demux_ALU/demux_ALU.vhd 2017/03/15.23:11:50 P.20131013
FL C:/Users/Roberto/Desktop/UPB/ArquitecturaDeProcesadores/Xilinx/modulo_Logico/modulo_Logico.vhd 2017/03/15.23:30:30 P.20131013
FL C:/Users/Roberto/Desktop/UPB/ArquitecturaDeProcesadores/Xilinx/multiplicador/multiplicador.vhd 2017/03/04.17:18:24 P.20131013
EN work/multiplicador 1488678852 \
      FL C:/Users/Roberto/Desktop/UPB/ArquitecturaDeProcesadores/Xilinx/multiplicador/multiplicador.vhd \
      PB ieee/std_logic_1164 1381692176 PB ieee/NUMERIC_STD 1381692181
AR work/multiplicador/Behavioral 1488678853 \
      FL C:/Users/Roberto/Desktop/UPB/ArquitecturaDeProcesadores/Xilinx/multiplicador/multiplicador.vhd \
      EN work/multiplicador 1488678852
FL C:/Users/Roberto/Desktop/UPB/ArquitecturaDeProcesadores/Xilinx/ProyectoFinal/ALU/ALU.vhd 2017/03/20.19:18:49 P.20131013
EN work/ALU 1490137865 \
      FL C:/Users/Roberto/Desktop/UPB/ArquitecturaDeProcesadores/Xilinx/ProyectoFinal/ALU/ALU.vhd \
      PB ieee/std_logic_1164 1381692176 PB ieee/NUMERIC_STD 1381692181
AR work/ALU/Behavioral 1490137866 \
      FL C:/Users/Roberto/Desktop/UPB/ArquitecturaDeProcesadores/Xilinx/ProyectoFinal/ALU/ALU.vhd \
      EN work/ALU 1490137865 CP decoder_Ops_ALU CP sumador CP modulo_Logico \
      CP demux_ALU
FL C:/Users/Roberto/Desktop/UPB/ArquitecturaDeProcesadores/Xilinx/ProyectoFinal/demux_ALU/demux_ALU.vhd 2017/03/20.19:16:52 P.20131013
EN work/demux_ALU 1490137863 \
      FL C:/Users/Roberto/Desktop/UPB/ArquitecturaDeProcesadores/Xilinx/ProyectoFinal/demux_ALU/demux_ALU.vhd \
      PB ieee/std_logic_1164 1381692176
AR work/demux_ALU/Behavioral 1490137864 \
      FL C:/Users/Roberto/Desktop/UPB/ArquitecturaDeProcesadores/Xilinx/ProyectoFinal/demux_ALU/demux_ALU.vhd \
      EN work/demux_ALU 1490137863
FL C:/Users/Roberto/Desktop/UPB/ArquitecturaDeProcesadores/Xilinx/ProyectoFinal/modulo_Logico/modulo_Logico.vhd 2017/03/20.19:17:08 P.20131013
EN work/modulo_Logico 1490137861 \
      FL C:/Users/Roberto/Desktop/UPB/ArquitecturaDeProcesadores/Xilinx/ProyectoFinal/modulo_Logico/modulo_Logico.vhd \
      PB ieee/std_logic_1164 1381692176 PB ieee/NUMERIC_STD 1381692181
AR work/modulo_Logico/Behavioral 1490137862 \
      FL C:/Users/Roberto/Desktop/UPB/ArquitecturaDeProcesadores/Xilinx/ProyectoFinal/modulo_Logico/modulo_Logico.vhd \
      EN work/modulo_Logico 1490137861
FL C:/Users/Roberto/Desktop/UPB/ArquitecturaDeProcesadores/Xilinx/ProyectoFinal/sumador/sumador.vhd 2017/03/20.19:16:52 P.20131013
EN work/sumador 1490137859 \
      FL C:/Users/Roberto/Desktop/UPB/ArquitecturaDeProcesadores/Xilinx/ProyectoFinal/sumador/sumador.vhd \
      PB ieee/std_logic_1164 1381692176 PB ieee/NUMERIC_STD 1381692181
AR work/sumador/Behavioral 1490137860 \
      FL C:/Users/Roberto/Desktop/UPB/ArquitecturaDeProcesadores/Xilinx/ProyectoFinal/sumador/sumador.vhd \
      EN work/sumador 1490137859
FL C:/Users/Roberto/Desktop/UPB/ArquitecturaDeProcesadores/Xilinx/sumador/sumador.vhd 2017/03/15.23:13:06 P.20131013
