EN decoder_ops_alu NULL C:/Users/Roberto/Desktop/UPB/ArquitecturaDeProcesadores/Xilinx/ProyectoFinal/decoder_Ops_ALU/decoder_Ops_ALU.vhd sub00/vhpl00 1490318133
EN registros_control NULL C:/Users/Roberto/Desktop/UPB/ArquitecturaDeProcesadores/Xilinx/ProyectoFinal/registros_Control/registros_Control.vhd sub00/vhpl16 1490318149
AR demux3_18bits behavioral C:/Users/Roberto/Desktop/UPB/ArquitecturaDeProcesadores/Xilinx/ProyectoFinal/demux3_1_8bits/demux3_18bits.vhd sub00/vhpl25 1490318158
AR demux_alu behavioral C:/Users/Roberto/Desktop/UPB/ArquitecturaDeProcesadores/Xilinx/ProyectoFinal/demux_ALU/demux_ALU.vhd sub00/vhpl07 1490318140
AR ram_16bits behavioral C:/Users/Roberto/Desktop/UPB/ArquitecturaDeProcesadores/Xilinx/ProyectoFinal/ram_16bits/ram_16bits.vhd sub00/vhpl21 1490318154
AR control_unit behavioral C:/Users/Roberto/Desktop/UPB/ArquitecturaDeProcesadores/Xilinx/ProyectoFinal/ControlUnit/Control_Unit.vhd sub00/vhpl15 1490318148
EN registro_16bits NULL C:/Users/Roberto/Desktop/UPB/ArquitecturaDeProcesadores/Xilinx/ProyectoFinal/registro_16bits/registro_16bits.vhd sub00/vhpl12 1490318145
EN ram_16bits NULL C:/Users/Roberto/Desktop/UPB/ArquitecturaDeProcesadores/Xilinx/ProyectoFinal/ram_16bits/ram_16bits.vhd sub00/vhpl20 1490318153
EN registro_8bits NULL C:/Users/Roberto/Desktop/UPB/ArquitecturaDeProcesadores/Xilinx/ProyectoFinal/registro_8bits/registro_8bits.vhd sub00/vhpl10 1490318143
AR registro_8bits behavioral C:/Users/Roberto/Desktop/UPB/ArquitecturaDeProcesadores/Xilinx/ProyectoFinal/registro_8bits/registro_8bits.vhd sub00/vhpl11 1490318144
EN implementacion NULL C:/Users/Roberto/Desktop/UPB/ArquitecturaDeProcesadores/Xilinx/ProyectoFinal/implementacion/implementacion.vhd sub00/vhpl32 1490318165
AR sumador behavioral C:/Users/Roberto/Desktop/UPB/ArquitecturaDeProcesadores/Xilinx/ProyectoFinal/sumador/sumador.vhd sub00/vhpl03 1490318136
AR registro_16bits behavioral C:/Users/Roberto/Desktop/UPB/ArquitecturaDeProcesadores/Xilinx/ProyectoFinal/registro_16bits/registro_16bits.vhd sub00/vhpl13 1490318146
AR registros_control behavioral C:/Users/Roberto/Desktop/UPB/ArquitecturaDeProcesadores/Xilinx/ProyectoFinal/registros_Control/registros_Control.vhd sub00/vhpl17 1490318150
EN demux_alu NULL C:/Users/Roberto/Desktop/UPB/ArquitecturaDeProcesadores/Xilinx/ProyectoFinal/demux_ALU/demux_ALU.vhd sub00/vhpl06 1490318139
AR divisor_frecuencia_10hz behavioral C:/Users/Roberto/Desktop/UPB/ElectronicaDigital/Xilinx/divisor_frecuencia_10hz/divisor_frecuencia_10hz.vhd sub00/vhpl35 1490316322
AR pantalla_proyectofinal behavioral C:/Users/Roberto/Desktop/UPB/ElectronicaDigital/Xilinx/pantalla_proyectoFinal/pantalla_proyectoFinal.vhd sub00/vhpl31 1490318164
AR decoder_ops_alu behavioral C:/Users/Roberto/Desktop/UPB/ArquitecturaDeProcesadores/Xilinx/ProyectoFinal/decoder_Ops_ALU/decoder_Ops_ALU.vhd sub00/vhpl01 1490318134
EN microprocesador NULL C:/Users/Roberto/Desktop/UPB/ArquitecturaDeProcesadores/Xilinx/ProyectoFinal/MicroProcesador/MicroProcesador.vhd sub00/vhpl28 1490318161
AR registros_clk behavioral C:/Users/Roberto/Desktop/UPB/ArquitecturaDeProcesadores/Xilinx/ProyectoFinal/registros_Clk/registros_Clk.vhd sub00/vhpl09 1490318142
AR modulo_logico behavioral C:/Users/Roberto/Desktop/UPB/ArquitecturaDeProcesadores/Xilinx/ProyectoFinal/modulo_Logico/modulo_Logico.vhd sub00/vhpl05 1490318138
AR implementacion behavioral C:/Users/Roberto/Desktop/UPB/ArquitecturaDeProcesadores/Xilinx/ProyectoFinal/implementacion/implementacion.vhd sub00/vhpl33 1490318166
AR demux3_1 behavioral C:/Users/Roberto/Desktop/UPB/ArquitecturaDeProcesadores/Xilinx/ProyectoFinal/demux3_1/demux3_1.vhd sub00/vhpl23 1490318156
EN pantalla_proyectofinal NULL C:/Users/Roberto/Desktop/UPB/ElectronicaDigital/Xilinx/pantalla_proyectoFinal/pantalla_proyectoFinal.vhd sub00/vhpl30 1490318163
EN divisor_frecuencia_10hz NULL C:/Users/Roberto/Desktop/UPB/ElectronicaDigital/Xilinx/divisor_frecuencia_10hz/divisor_frecuencia_10hz.vhd sub00/vhpl34 1490316321
EN demux3_18bits NULL C:/Users/Roberto/Desktop/UPB/ArquitecturaDeProcesadores/Xilinx/ProyectoFinal/demux3_1_8bits/demux3_18bits.vhd sub00/vhpl24 1490318157
EN modulo_logico NULL C:/Users/Roberto/Desktop/UPB/ArquitecturaDeProcesadores/Xilinx/ProyectoFinal/modulo_Logico/modulo_Logico.vhd sub00/vhpl04 1490318137
AR alu behavioral C:/Users/Roberto/Desktop/UPB/ArquitecturaDeProcesadores/Xilinx/ProyectoFinal/ALU/ALU.vhd sub00/vhpl19 1490318152
EN demux2_1 NULL C:/Users/Roberto/Desktop/UPB/ArquitecturaDeProcesadores/Xilinx/ProyectoFinal/demux2_1/demux2_1.vhd sub00/vhpl26 1490318159
AR microprocesador behavioral C:/Users/Roberto/Desktop/UPB/ArquitecturaDeProcesadores/Xilinx/ProyectoFinal/MicroProcesador/MicroProcesador.vhd sub00/vhpl29 1490318162
EN control_unit NULL C:/Users/Roberto/Desktop/UPB/ArquitecturaDeProcesadores/Xilinx/ProyectoFinal/ControlUnit/Control_Unit.vhd sub00/vhpl14 1490318147
EN sumador NULL C:/Users/Roberto/Desktop/UPB/ArquitecturaDeProcesadores/Xilinx/ProyectoFinal/sumador/sumador.vhd sub00/vhpl02 1490318135
EN demux3_1 NULL C:/Users/Roberto/Desktop/UPB/ArquitecturaDeProcesadores/Xilinx/ProyectoFinal/demux3_1/demux3_1.vhd sub00/vhpl22 1490318155
EN registros_clk NULL C:/Users/Roberto/Desktop/UPB/ArquitecturaDeProcesadores/Xilinx/ProyectoFinal/registros_Clk/registros_Clk.vhd sub00/vhpl08 1490318141
EN alu NULL C:/Users/Roberto/Desktop/UPB/ArquitecturaDeProcesadores/Xilinx/ProyectoFinal/ALU/ALU.vhd sub00/vhpl18 1490318151
AR demux2_1 behavioral C:/Users/Roberto/Desktop/UPB/ArquitecturaDeProcesadores/Xilinx/ProyectoFinal/demux2_1/demux2_1.vhd sub00/vhpl27 1490318160
