AR output_handler behavioral C:/Users/Roberto/Desktop/UPB/ArquitecturaDeProcesadores/Xilinx/ProyectoFinal/output_handler/output_handler.vhd sub00/vhpl01 1490056660
EN output_handler NULL C:/Users/Roberto/Desktop/UPB/ArquitecturaDeProcesadores/Xilinx/ProyectoFinal/output_handler/output_handler.vhd sub00/vhpl00 1490056659
