V3 3
FL C:/Users/Roberto/Desktop/UPB/ArquitecturaDeProcesadores/Xilinx/ProyectoFinal/output_handler/output_handler.vhd 2017/03/20.20:37:31 P.20131013
EN work/output_handler 1490056659 \
      FL C:/Users/Roberto/Desktop/UPB/ArquitecturaDeProcesadores/Xilinx/ProyectoFinal/output_handler/output_handler.vhd \
      PB ieee/std_logic_1164 1381692176
AR work/output_handler/Behavioral 1490056660 \
      FL C:/Users/Roberto/Desktop/UPB/ArquitecturaDeProcesadores/Xilinx/ProyectoFinal/output_handler/output_handler.vhd \
      EN work/output_handler 1490056659
